Archive member included to satisfy reference by file (symbol)

/opt/st/stm32cubeide_1.5.1/plugins/com.st.stm32cube.ide.mcu.externaltools.gnu-tools-for-stm32.7-2018-q2-update.linux64_1.5.0.202011040924/tools/bin/../lib/gcc/arm-none-eabi/7.3.1/../../../../arm-none-eabi/lib/thumb/v7e-m/fpv4-sp/hard/libc_nano.a(lib_a-errno.o)
                              Core/Src/syscalls.o (__errno)
/opt/st/stm32cubeide_1.5.1/plugins/com.st.stm32cube.ide.mcu.externaltools.gnu-tools-for-stm32.7-2018-q2-update.linux64_1.5.0.202011040924/tools/bin/../lib/gcc/arm-none-eabi/7.3.1/../../../../arm-none-eabi/lib/thumb/v7e-m/fpv4-sp/hard/libc_nano.a(lib_a-exit.o)
                              /opt/st/stm32cubeide_1.5.1/plugins/com.st.stm32cube.ide.mcu.externaltools.gnu-tools-for-stm32.7-2018-q2-update.linux64_1.5.0.202011040924/tools/bin/../lib/gcc/arm-none-eabi/7.3.1/../../../../arm-none-eabi/lib/thumb/v7e-m/fpv4-sp/hard/crt0.o (exit)
/opt/st/stm32cubeide_1.5.1/plugins/com.st.stm32cube.ide.mcu.externaltools.gnu-tools-for-stm32.7-2018-q2-update.linux64_1.5.0.202011040924/tools/bin/../lib/gcc/arm-none-eabi/7.3.1/../../../../arm-none-eabi/lib/thumb/v7e-m/fpv4-sp/hard/libc_nano.a(lib_a-impure.o)
                              /opt/st/stm32cubeide_1.5.1/plugins/com.st.stm32cube.ide.mcu.externaltools.gnu-tools-for-stm32.7-2018-q2-update.linux64_1.5.0.202011040924/tools/bin/../lib/gcc/arm-none-eabi/7.3.1/../../../../arm-none-eabi/lib/thumb/v7e-m/fpv4-sp/hard/libc_nano.a(lib_a-exit.o) (_global_impure_ptr)
/opt/st/stm32cubeide_1.5.1/plugins/com.st.stm32cube.ide.mcu.externaltools.gnu-tools-for-stm32.7-2018-q2-update.linux64_1.5.0.202011040924/tools/bin/../lib/gcc/arm-none-eabi/7.3.1/../../../../arm-none-eabi/lib/thumb/v7e-m/fpv4-sp/hard/libc_nano.a(lib_a-init.o)
                              /opt/st/stm32cubeide_1.5.1/plugins/com.st.stm32cube.ide.mcu.externaltools.gnu-tools-for-stm32.7-2018-q2-update.linux64_1.5.0.202011040924/tools/bin/../lib/gcc/arm-none-eabi/7.3.1/../../../../arm-none-eabi/lib/thumb/v7e-m/fpv4-sp/hard/crt0.o (__libc_init_array)
/opt/st/stm32cubeide_1.5.1/plugins/com.st.stm32cube.ide.mcu.externaltools.gnu-tools-for-stm32.7-2018-q2-update.linux64_1.5.0.202011040924/tools/bin/../lib/gcc/arm-none-eabi/7.3.1/../../../../arm-none-eabi/lib/thumb/v7e-m/fpv4-sp/hard/libc_nano.a(lib_a-memcpy-stub.o)
                              FreeRTOS/queue.o (memcpy)
/opt/st/stm32cubeide_1.5.1/plugins/com.st.stm32cube.ide.mcu.externaltools.gnu-tools-for-stm32.7-2018-q2-update.linux64_1.5.0.202011040924/tools/bin/../lib/gcc/arm-none-eabi/7.3.1/../../../../arm-none-eabi/lib/thumb/v7e-m/fpv4-sp/hard/libc_nano.a(lib_a-memset.o)
                              /opt/st/stm32cubeide_1.5.1/plugins/com.st.stm32cube.ide.mcu.externaltools.gnu-tools-for-stm32.7-2018-q2-update.linux64_1.5.0.202011040924/tools/bin/../lib/gcc/arm-none-eabi/7.3.1/../../../../arm-none-eabi/lib/thumb/v7e-m/fpv4-sp/hard/crt0.o (memset)
/opt/st/stm32cubeide_1.5.1/plugins/com.st.stm32cube.ide.mcu.externaltools.gnu-tools-for-stm32.7-2018-q2-update.linux64_1.5.0.202011040924/tools/bin/../lib/gcc/arm-none-eabi/7.3.1/thumb/v7e-m/fpv4-sp/hard/libgcc.a(_aeabi_uldivmod.o)
                              Drivers/STM32F4xx_HAL_Driver/Src/stm32f4xx_hal_rcc.o (__aeabi_uldivmod)
/opt/st/stm32cubeide_1.5.1/plugins/com.st.stm32cube.ide.mcu.externaltools.gnu-tools-for-stm32.7-2018-q2-update.linux64_1.5.0.202011040924/tools/bin/../lib/gcc/arm-none-eabi/7.3.1/thumb/v7e-m/fpv4-sp/hard/libgcc.a(_udivmoddi4.o)
                              /opt/st/stm32cubeide_1.5.1/plugins/com.st.stm32cube.ide.mcu.externaltools.gnu-tools-for-stm32.7-2018-q2-update.linux64_1.5.0.202011040924/tools/bin/../lib/gcc/arm-none-eabi/7.3.1/thumb/v7e-m/fpv4-sp/hard/libgcc.a(_aeabi_uldivmod.o) (__udivmoddi4)
/opt/st/stm32cubeide_1.5.1/plugins/com.st.stm32cube.ide.mcu.externaltools.gnu-tools-for-stm32.7-2018-q2-update.linux64_1.5.0.202011040924/tools/bin/../lib/gcc/arm-none-eabi/7.3.1/thumb/v7e-m/fpv4-sp/hard/libgcc.a(_dvmd_tls.o)
                              /opt/st/stm32cubeide_1.5.1/plugins/com.st.stm32cube.ide.mcu.externaltools.gnu-tools-for-stm32.7-2018-q2-update.linux64_1.5.0.202011040924/tools/bin/../lib/gcc/arm-none-eabi/7.3.1/thumb/v7e-m/fpv4-sp/hard/libgcc.a(_aeabi_uldivmod.o) (__aeabi_ldiv0)

Allocating common symbols
Common symbol       size              file

xSemaphore          0x4               Core/Src/main.o
uwTick              0x4               Drivers/STM32F4xx_HAL_Driver/Src/stm32f4xx_hal.o
xQueueRegistry      0x40              FreeRTOS/queue.o
pFlash              0x20              Drivers/STM32F4xx_HAL_Driver/Src/stm32f4xx_hal_flash.o
htim6               0x40              Core/Src/stm32f4xx_hal_timebase_tim.o
huart4              0x40              Core/Src/main.o
hspi1               0x58              Core/Src/main.o

Discarded input sections

[...]
Memory Configuration

Name             Origin             Length             Attributes
CCMRAM           0x0000000010000000 0x0000000000010000 xrw
RAM              0x0000000020000000 0x0000000000020000 xrw
FLASH            0x0000000008000000 0x0000000000100000 xr
*default*        0x0000000000000000 0xffffffffffffffff

Linker script and memory map

LOAD /opt/st/stm32cubeide_1.5.1/plugins/com.st.stm32cube.ide.mcu.externaltools.gnu-tools-for-stm32.7-2018-q2-update.linux64_1.5.0.202011040924/tools/bin/../lib/gcc/arm-none-eabi/7.3.1/thumb/v7e-m/fpv4-sp/hard/crti.o
LOAD /opt/st/stm32cubeide_1.5.1/plugins/com.st.stm32cube.ide.mcu.externaltools.gnu-tools-for-stm32.7-2018-q2-update.linux64_1.5.0.202011040924/tools/bin/../lib/gcc/arm-none-eabi/7.3.1/thumb/v7e-m/fpv4-sp/hard/crtbegin.o
LOAD /opt/st/stm32cubeide_1.5.1/plugins/com.st.stm32cube.ide.mcu.externaltools.gnu-tools-for-stm32.7-2018-q2-update.linux64_1.5.0.202011040924/tools/bin/../lib/gcc/arm-none-eabi/7.3.1/../../../../arm-none-eabi/lib/thumb/v7e-m/fpv4-sp/hard/crt0.o
LOAD Core/Src/main.o
LOAD Core/Src/stm32f4xx_hal_msp.o
LOAD Core/Src/stm32f4xx_hal_timebase_tim.o
LOAD Core/Src/stm32f4xx_it.o
LOAD Core/Src/syscalls.o
LOAD Core/Src/sysmem.o
LOAD Core/Src/system_stm32f4xx.o
LOAD Core/Startup/startup_stm32f407vgtx.o
LOAD Drivers/STM32F4xx_HAL_Driver/Src/stm32f4xx_hal.o
LOAD Drivers/STM32F4xx_HAL_Driver/Src/stm32f4xx_hal_cortex.o
LOAD Drivers/STM32F4xx_HAL_Driver/Src/stm32f4xx_hal_dma.o
LOAD Drivers/STM32F4xx_HAL_Driver/Src/stm32f4xx_hal_dma_ex.o
LOAD Drivers/STM32F4xx_HAL_Driver/Src/stm32f4xx_hal_exti.o
LOAD Drivers/STM32F4xx_HAL_Driver/Src/stm32f4xx_hal_flash.o
LOAD Drivers/STM32F4xx_HAL_Driver/Src/stm32f4xx_hal_flash_ex.o
LOAD Drivers/STM32F4xx_HAL_Driver/Src/stm32f4xx_hal_flash_ramfunc.o
LOAD Drivers/STM32F4xx_HAL_Driver/Src/stm32f4xx_hal_gpio.o
LOAD Drivers/STM32F4xx_HAL_Driver/Src/stm32f4xx_hal_pwr.o
LOAD Drivers/STM32F4xx_HAL_Driver/Src/stm32f4xx_hal_pwr_ex.o
LOAD Drivers/STM32F4xx_HAL_Driver/Src/stm32f4xx_hal_rcc.o
LOAD Drivers/STM32F4xx_HAL_Driver/Src/stm32f4xx_hal_rcc_ex.o
LOAD Drivers/STM32F4xx_HAL_Driver/Src/stm32f4xx_hal_spi.o
LOAD Drivers/STM32F4xx_HAL_Driver/Src/stm32f4xx_hal_tim.o
LOAD Drivers/STM32F4xx_HAL_Driver/Src/stm32f4xx_hal_tim_ex.o
LOAD Drivers/STM32F4xx_HAL_Driver/Src/stm32f4xx_hal_uart.o
LOAD FreeRTOS/MemMang/heap_4.o
LOAD FreeRTOS/croutine.o
LOAD FreeRTOS/event_groups.o
LOAD FreeRTOS/list.o
LOAD FreeRTOS/queue.o
LOAD FreeRTOS/stream_buffer.o
LOAD FreeRTOS/tasks.o
LOAD FreeRTOS/timers.o
LOAD FreeRTOS/portable/ARM_CM4F/port.o
START GROUP
LOAD /opt/st/stm32cubeide_1.5.1/plugins/com.st.stm32cube.ide.mcu.externaltools.gnu-tools-for-stm32.7-2018-q2-update.linux64_1.5.0.202011040924/tools/bin/../lib/gcc/arm-none-eabi/7.3.1/../../../../arm-none-eabi/lib/thumb/v7e-m/fpv4-sp/hard/libc_nano.a
LOAD /opt/st/stm32cubeide_1.5.1/plugins/com.st.stm32cube.ide.mcu.externaltools.gnu-tools-for-stm32.7-2018-q2-update.linux64_1.5.0.202011040924/tools/bin/../lib/gcc/arm-none-eabi/7.3.1/../../../../arm-none-eabi/lib/thumb/v7e-m/fpv4-sp/hard/libm.a
END GROUP
START GROUP
LOAD /opt/st/stm32cubeide_1.5.1/plugins/com.st.stm32cube.ide.mcu.externaltools.gnu-tools-for-stm32.7-2018-q2-update.linux64_1.5.0.202011040924/tools/bin/../lib/gcc/arm-none-eabi/7.3.1/thumb/v7e-m/fpv4-sp/hard/libgcc.a
LOAD /opt/st/stm32cubeide_1.5.1/plugins/com.st.stm32cube.ide.mcu.externaltools.gnu-tools-for-stm32.7-2018-q2-update.linux64_1.5.0.202011040924/tools/bin/../lib/gcc/arm-none-eabi/7.3.1/../../../../arm-none-eabi/lib/thumb/v7e-m/fpv4-sp/hard/libc_nano.a
END GROUP
START GROUP
LOAD /opt/st/stm32cubeide_1.5.1/plugins/com.st.stm32cube.ide.mcu.externaltools.gnu-tools-for-stm32.7-2018-q2-update.linux64_1.5.0.202011040924/tools/bin/../lib/gcc/arm-none-eabi/7.3.1/thumb/v7e-m/fpv4-sp/hard/libgcc.a
LOAD /opt/st/stm32cubeide_1.5.1/plugins/com.st.stm32cube.ide.mcu.externaltools.gnu-tools-for-stm32.7-2018-q2-update.linux64_1.5.0.202011040924/tools/bin/../lib/gcc/arm-none-eabi/7.3.1/../../../../arm-none-eabi/lib/thumb/v7e-m/fpv4-sp/hard/libc_nano.a
LOAD /opt/st/stm32cubeide_1.5.1/plugins/com.st.stm32cube.ide.mcu.externaltools.gnu-tools-for-stm32.7-2018-q2-update.linux64_1.5.0.202011040924/tools/bin/../lib/gcc/arm-none-eabi/7.3.1/../../../../arm-none-eabi/lib/thumb/v7e-m/fpv4-sp/hard/libnosys.a
END GROUP
START GROUP
LOAD /opt/st/stm32cubeide_1.5.1/plugins/com.st.stm32cube.ide.mcu.externaltools.gnu-tools-for-stm32.7-2018-q2-update.linux64_1.5.0.202011040924/tools/bin/../lib/gcc/arm-none-eabi/7.3.1/thumb/v7e-m/fpv4-sp/hard/libgcc.a
LOAD /opt/st/stm32cubeide_1.5.1/plugins/com.st.stm32cube.ide.mcu.externaltools.gnu-tools-for-stm32.7-2018-q2-update.linux64_1.5.0.202011040924/tools/bin/../lib/gcc/arm-none-eabi/7.3.1/../../../../arm-none-eabi/lib/thumb/v7e-m/fpv4-sp/hard/libc_nano.a
LOAD /opt/st/stm32cubeide_1.5.1/plugins/com.st.stm32cube.ide.mcu.externaltools.gnu-tools-for-stm32.7-2018-q2-update.linux64_1.5.0.202011040924/tools/bin/../lib/gcc/arm-none-eabi/7.3.1/../../../../arm-none-eabi/lib/thumb/v7e-m/fpv4-sp/hard/libnosys.a
END GROUP
LOAD /opt/st/stm32cubeide_1.5.1/plugins/com.st.stm32cube.ide.mcu.externaltools.gnu-tools-for-stm32.7-2018-q2-update.linux64_1.5.0.202011040924/tools/bin/../lib/gcc/arm-none-eabi/7.3.1/thumb/v7e-m/fpv4-sp/hard/crtend.o
LOAD /opt/st/stm32cubeide_1.5.1/plugins/com.st.stm32cube.ide.mcu.externaltools.gnu-tools-for-stm32.7-2018-q2-update.linux64_1.5.0.202011040924/tools/bin/../lib/gcc/arm-none-eabi/7.3.1/thumb/v7e-m/fpv4-sp/hard/crtn.o
                0x0000000020020000                _estack = (ORIGIN (RAM) + LENGTH (RAM))
                0x0000000000000200                _Min_Heap_Size = 0x200
                0x0000000000000400                _Min_Stack_Size = 0x400

.isr_vector     0x0000000008000000      0x188
                0x0000000008000000                . = ALIGN (0x4)
 *(.isr_vector)
 .isr_vector    0x0000000008000000      0x188 Core/Startup/startup_stm32f407vgtx.o
                0x0000000008000000                g_pfnVectors
                0x0000000008000188                . = ALIGN (0x4)

.text           0x0000000008000190     0x5f58
                0x0000000008000190                . = ALIGN (0x4)
 *(.text)
 .text          0x0000000008000190       0x40 /opt/st/stm32cubeide_1.5.1/plugins/com.st.stm32cube.ide.mcu.externaltools.gnu-tools-for-stm32.7-2018-q2-update.linux64_1.5.0.202011040924/tools/bin/../lib/gcc/arm-none-eabi/7.3.1/thumb/v7e-m/fpv4-sp/hard/crtbegin.o
 .text          0x00000000080001d0       0x30 /opt/st/stm32cubeide_1.5.1/plugins/com.st.stm32cube.ide.mcu.externaltools.gnu-tools-for-stm32.7-2018-q2-update.linux64_1.5.0.202011040924/tools/bin/../lib/gcc/arm-none-eabi/7.3.1/thumb/v7e-m/fpv4-sp/hard/libgcc.a(_aeabi_uldivmod.o)
                0x00000000080001d0                __aeabi_uldivmod
 .text          0x0000000008000200      0x2cc /opt/st/stm32cubeide_1.5.1/plugins/com.st.stm32cube.ide.mcu.externaltools.gnu-tools-for-stm32.7-2018-q2-update.linux64_1.5.0.202011040924/tools/bin/../lib/gcc/arm-none-eabi/7.3.1/thumb/v7e-m/fpv4-sp/hard/libgcc.a(_udivmoddi4.o)
                0x0000000008000200                __udivmoddi4
 .text          0x00000000080004cc        0x4 /opt/st/stm32cubeide_1.5.1/plugins/com.st.stm32cube.ide.mcu.externaltools.gnu-tools-for-stm32.7-2018-q2-update.linux64_1.5.0.202011040924/tools/bin/../lib/gcc/arm-none-eabi/7.3.1/thumb/v7e-m/fpv4-sp/hard/libgcc.a(_dvmd_tls.o)
                0x00000000080004cc                __aeabi_ldiv0
                0x00000000080004cc                __aeabi_idiv0
 *(.text*)
 .text.main     0x00000000080004d0       0x70 Core/Src/main.o
                0x00000000080004d0                main
 .text.SystemClock_Config
                0x0000000008000540       0xbc Core/Src/main.o
                0x0000000008000540                SystemClock_Config
 .text.MX_SPI1_Init
                0x00000000080005fc       0x6c Core/Src/main.o
 .text.MX_UART4_Init
                0x0000000008000668       0x54 Core/Src/main.o
 .text.MX_GPIO_Init
                0x00000000080006bc       0xfc Core/Src/main.o
 .text.Task1    0x00000000080007b8       0x20 Core/Src/main.o
                0x00000000080007b8                Task1
 .text.Task2    0x00000000080007d8       0xf0 Core/Src/main.o
                0x00000000080007d8                Task2
 .text.initMEMS
                0x00000000080008c8      0x1ec Core/Src/main.o
                0x00000000080008c8                initMEMS
 .text.HAL_GPIO_EXTI_Callback
                0x0000000008000ab4       0xa0 Core/Src/main.o
                0x0000000008000ab4                HAL_GPIO_EXTI_Callback
 .text.HAL_TIM_PeriodElapsedCallback
                0x0000000008000b54       0x24 Core/Src/main.o
                0x0000000008000b54                HAL_TIM_PeriodElapsedCallback
 .text.Error_Handler
                0x0000000008000b78        0x8 Core/Src/main.o
                0x0000000008000b78                Error_Handler
 .text.HAL_MspInit
                0x0000000008000b80       0x50 Core/Src/stm32f4xx_hal_msp.o
                0x0000000008000b80                HAL_MspInit
 .text.HAL_SPI_MspInit
                0x0000000008000bd0       0x90 Core/Src/stm32f4xx_hal_msp.o
                0x0000000008000bd0                HAL_SPI_MspInit
 .text.HAL_UART_MspInit
                0x0000000008000c60       0x90 Core/Src/stm32f4xx_hal_msp.o
                0x0000000008000c60                HAL_UART_MspInit
 .text.HAL_InitTick
                0x0000000008000cf0       0xb0 Core/Src/stm32f4xx_hal_timebase_tim.o
                0x0000000008000cf0                HAL_InitTick
 .text.NMI_Handler
                0x0000000008000da0        0x6 Core/Src/stm32f4xx_it.o
                0x0000000008000da0                NMI_Handler
 .text.HardFault_Handler
                0x0000000008000da6        0x6 Core/Src/stm32f4xx_it.o
                0x0000000008000da6                HardFault_Handler
 .text.MemManage_Handler
                0x0000000008000dac        0x6 Core/Src/stm32f4xx_it.o
                0x0000000008000dac                MemManage_Handler
 .text.BusFault_Handler
                0x0000000008000db2        0x6 Core/Src/stm32f4xx_it.o
                0x0000000008000db2                BusFault_Handler
 .text.UsageFault_Handler
                0x0000000008000db8        0x6 Core/Src/stm32f4xx_it.o
                0x0000000008000db8                UsageFault_Handler
 .text.DebugMon_Handler
                0x0000000008000dbe        0xe Core/Src/stm32f4xx_it.o
                0x0000000008000dbe                DebugMon_Handler
 .text.EXTI0_IRQHandler
                0x0000000008000dcc        0xe Core/Src/stm32f4xx_it.o
                0x0000000008000dcc                EXTI0_IRQHandler
 *fill*         0x0000000008000dda        0x2 
 .text.TIM6_DAC_IRQHandler
                0x0000000008000ddc       0x14 Core/Src/stm32f4xx_it.o
                0x0000000008000ddc                TIM6_DAC_IRQHandler
 .text.SystemInit
                0x0000000008000df0       0x2c Core/Src/system_stm32f4xx.o
                0x0000000008000df0                SystemInit
 .text.Reset_Handler
                0x0000000008000e1c       0x50 Core/Startup/startup_stm32f407vgtx.o
                0x0000000008000e1c                Reset_Handler
 .text.Default_Handler
                0x0000000008000e6c        0x2 Core/Startup/startup_stm32f407vgtx.o
                0x0000000008000e6c                RTC_Alarm_IRQHandler
                0x0000000008000e6c                HASH_RNG_IRQHandler
                0x0000000008000e6c                EXTI2_IRQHandler
                0x0000000008000e6c                TIM8_CC_IRQHandler
                0x0000000008000e6c                TIM1_CC_IRQHandler
                0x0000000008000e6c                DMA2_Stream5_IRQHandler
                0x0000000008000e6c                DMA1_Stream5_IRQHandler
                0x0000000008000e6c                PVD_IRQHandler
                0x0000000008000e6c                SDIO_IRQHandler
                0x0000000008000e6c                TAMP_STAMP_IRQHandler
                0x0000000008000e6c                CAN2_RX1_IRQHandler
                0x0000000008000e6c                EXTI3_IRQHandler
                0x0000000008000e6c                TIM8_TRG_COM_TIM14_IRQHandler
                0x0000000008000e6c                TIM1_UP_TIM10_IRQHandler
                0x0000000008000e6c                TIM8_UP_TIM13_IRQHandler
                0x0000000008000e6c                I2C3_ER_IRQHandler
                0x0000000008000e6c                I2C2_EV_IRQHandler
                0x0000000008000e6c                DMA1_Stream2_IRQHandler
                0x0000000008000e6c                CAN1_RX0_IRQHandler
                0x0000000008000e6c                FPU_IRQHandler
                0x0000000008000e6c                OTG_HS_WKUP_IRQHandler
                0x0000000008000e6c                CAN2_SCE_IRQHandler
                0x0000000008000e6c                DMA2_Stream2_IRQHandler
                0x0000000008000e6c                SPI1_IRQHandler
                0x0000000008000e6c                TIM1_BRK_TIM9_IRQHandler
                0x0000000008000e6c                DCMI_IRQHandler
                0x0000000008000e6c                CAN2_RX0_IRQHandler
                0x0000000008000e6c                DMA2_Stream3_IRQHandler
                0x0000000008000e6c                USART6_IRQHandler
                0x0000000008000e6c                USART3_IRQHandler
                0x0000000008000e6c                CAN1_RX1_IRQHandler
                0x0000000008000e6c                UART5_IRQHandler
                0x0000000008000e6c                DMA2_Stream0_IRQHandler
                0x0000000008000e6c                TIM4_IRQHandler
                0x0000000008000e6c                I2C1_EV_IRQHandler
                0x0000000008000e6c                DMA1_Stream6_IRQHandler
                0x0000000008000e6c                DMA1_Stream1_IRQHandler
                0x0000000008000e6c                UART4_IRQHandler
                0x0000000008000e6c                TIM3_IRQHandler
                0x0000000008000e6c                RCC_IRQHandler
                0x0000000008000e6c                TIM8_BRK_TIM12_IRQHandler
                0x0000000008000e6c                Default_Handler
                0x0000000008000e6c                EXTI15_10_IRQHandler
                0x0000000008000e6c                ADC_IRQHandler
                0x0000000008000e6c                DMA1_Stream7_IRQHandler
                0x0000000008000e6c                TIM7_IRQHandler
                0x0000000008000e6c                CAN2_TX_IRQHandler
                0x0000000008000e6c                TIM5_IRQHandler
                0x0000000008000e6c                DMA2_Stream7_IRQHandler
                0x0000000008000e6c                I2C3_EV_IRQHandler
                0x0000000008000e6c                EXTI9_5_IRQHandler
                0x0000000008000e6c                RTC_WKUP_IRQHandler
                0x0000000008000e6c                ETH_WKUP_IRQHandler
                0x0000000008000e6c                SPI2_IRQHandler
                0x0000000008000e6c                OTG_HS_EP1_IN_IRQHandler
                0x0000000008000e6c                DMA1_Stream0_IRQHandler
                0x0000000008000e6c                CAN1_TX_IRQHandler
                0x0000000008000e6c                EXTI4_IRQHandler
                0x0000000008000e6c                FSMC_IRQHandler
                0x0000000008000e6c                ETH_IRQHandler
                0x0000000008000e6c                OTG_HS_EP1_OUT_IRQHandler
                0x0000000008000e6c                WWDG_IRQHandler
                0x0000000008000e6c                TIM2_IRQHandler
                0x0000000008000e6c                OTG_FS_WKUP_IRQHandler
                0x0000000008000e6c                TIM1_TRG_COM_TIM11_IRQHandler
                0x0000000008000e6c                OTG_HS_IRQHandler
                0x0000000008000e6c                EXTI1_IRQHandler
                0x0000000008000e6c                USART2_IRQHandler
                0x0000000008000e6c                I2C2_ER_IRQHandler
                0x0000000008000e6c                DMA2_Stream1_IRQHandler
                0x0000000008000e6c                CAN1_SCE_IRQHandler
                0x0000000008000e6c                FLASH_IRQHandler
                0x0000000008000e6c                DMA2_Stream4_IRQHandler
                0x0000000008000e6c                USART1_IRQHandler
                0x0000000008000e6c                OTG_FS_IRQHandler
                0x0000000008000e6c                SPI3_IRQHandler
                0x0000000008000e6c                DMA1_Stream4_IRQHandler
                0x0000000008000e6c                I2C1_ER_IRQHandler
                0x0000000008000e6c                DMA2_Stream6_IRQHandler
                0x0000000008000e6c                DMA1_Stream3_IRQHandler
 *fill*         0x0000000008000e6e        0x2 
 .text.HAL_Init
                0x0000000008000e70       0x44 Drivers/STM32F4xx_HAL_Driver/Src/stm32f4xx_hal.o
                0x0000000008000e70                HAL_Init
 .text.HAL_IncTick
                0x0000000008000eb4       0x28 Drivers/STM32F4xx_HAL_Driver/Src/stm32f4xx_hal.o
                0x0000000008000eb4                HAL_IncTick
 .text.HAL_GetTick
                0x0000000008000edc       0x18 Drivers/STM32F4xx_HAL_Driver/Src/stm32f4xx_hal.o
                0x0000000008000edc                HAL_GetTick
 .text.HAL_Delay
                0x0000000008000ef4       0x44 Drivers/STM32F4xx_HAL_Driver/Src/stm32f4xx_hal.o
                0x0000000008000ef4                HAL_Delay
 .text.__NVIC_SetPriorityGrouping
                0x0000000008000f38       0x48 Drivers/STM32F4xx_HAL_Driver/Src/stm32f4xx_hal_cortex.o
 .text.__NVIC_GetPriorityGrouping
                0x0000000008000f80       0x1c Drivers/STM32F4xx_HAL_Driver/Src/stm32f4xx_hal_cortex.o
 .text.__NVIC_EnableIRQ
                0x0000000008000f9c       0x3c Drivers/STM32F4xx_HAL_Driver/Src/stm32f4xx_hal_cortex.o
 .text.__NVIC_SetPriority
                0x0000000008000fd8       0x54 Drivers/STM32F4xx_HAL_Driver/Src/stm32f4xx_hal_cortex.o
 .text.NVIC_EncodePriority
                0x000000000800102c       0x66 Drivers/STM32F4xx_HAL_Driver/Src/stm32f4xx_hal_cortex.o
 .text.HAL_NVIC_SetPriorityGrouping
                0x0000000008001092       0x16 Drivers/STM32F4xx_HAL_Driver/Src/stm32f4xx_hal_cortex.o
                0x0000000008001092                HAL_NVIC_SetPriorityGrouping
 .text.HAL_NVIC_SetPriority
                0x00000000080010a8       0x38 Drivers/STM32F4xx_HAL_Driver/Src/stm32f4xx_hal_cortex.o
                0x00000000080010a8                HAL_NVIC_SetPriority
 .text.HAL_NVIC_EnableIRQ
                0x00000000080010e0       0x1c Drivers/STM32F4xx_HAL_Driver/Src/stm32f4xx_hal_cortex.o
                0x00000000080010e0                HAL_NVIC_EnableIRQ
 .text.HAL_GPIO_Init
                0x00000000080010fc      0x334 Drivers/STM32F4xx_HAL_Driver/Src/stm32f4xx_hal_gpio.o
                0x00000000080010fc                HAL_GPIO_Init
 .text.HAL_GPIO_WritePin
                0x0000000008001430       0x32 Drivers/STM32F4xx_HAL_Driver/Src/stm32f4xx_hal_gpio.o
                0x0000000008001430                HAL_GPIO_WritePin
 .text.HAL_GPIO_TogglePin
                0x0000000008001462       0x36 Drivers/STM32F4xx_HAL_Driver/Src/stm32f4xx_hal_gpio.o
                0x0000000008001462                HAL_GPIO_TogglePin
 .text.HAL_GPIO_EXTI_IRQHandler
                0x0000000008001498       0x30 Drivers/STM32F4xx_HAL_Driver/Src/stm32f4xx_hal_gpio.o
                0x0000000008001498                HAL_GPIO_EXTI_IRQHandler
 .text.HAL_RCC_OscConfig
                0x00000000080014c8      0x4e0 Drivers/STM32F4xx_HAL_Driver/Src/stm32f4xx_hal_rcc.o
                0x00000000080014c8                HAL_RCC_OscConfig
 .text.HAL_RCC_ClockConfig
                0x00000000080019a8      0x1cc Drivers/STM32F4xx_HAL_Driver/Src/stm32f4xx_hal_rcc.o
                0x00000000080019a8                HAL_RCC_ClockConfig
 .text.HAL_RCC_GetSysClockFreq
                0x0000000008001b74      0x164 Drivers/STM32F4xx_HAL_Driver/Src/stm32f4xx_hal_rcc.o
                0x0000000008001b74                HAL_RCC_GetSysClockFreq
 .text.HAL_RCC_GetHCLKFreq
                0x0000000008001cd8       0x18 Drivers/STM32F4xx_HAL_Driver/Src/stm32f4xx_hal_rcc.o
                0x0000000008001cd8                HAL_RCC_GetHCLKFreq
 .text.HAL_RCC_GetPCLK1Freq
                0x0000000008001cf0       0x28 Drivers/STM32F4xx_HAL_Driver/Src/stm32f4xx_hal_rcc.o
                0x0000000008001cf0                HAL_RCC_GetPCLK1Freq
 .text.HAL_RCC_GetPCLK2Freq
                0x0000000008001d18       0x28 Drivers/STM32F4xx_HAL_Driver/Src/stm32f4xx_hal_rcc.o
                0x0000000008001d18                HAL_RCC_GetPCLK2Freq
 .text.HAL_RCC_GetClockConfig
                0x0000000008001d40       0x64 Drivers/STM32F4xx_HAL_Driver/Src/stm32f4xx_hal_rcc.o
                0x0000000008001d40                HAL_RCC_GetClockConfig
 .text.HAL_SPI_Init
                0x0000000008001da4       0xc8 Drivers/STM32F4xx_HAL_Driver/Src/stm32f4xx_hal_spi.o
                0x0000000008001da4                HAL_SPI_Init
 .text.HAL_SPI_Transmit
                0x0000000008001e6c      0x268 Drivers/STM32F4xx_HAL_Driver/Src/stm32f4xx_hal_spi.o
                0x0000000008001e6c                HAL_SPI_Transmit
 .text.HAL_SPI_Receive
                0x00000000080020d4      0x212 Drivers/STM32F4xx_HAL_Driver/Src/stm32f4xx_hal_spi.o
                0x00000000080020d4                HAL_SPI_Receive
 .text.HAL_SPI_TransmitReceive
                0x00000000080022e6      0x344 Drivers/STM32F4xx_HAL_Driver/Src/stm32f4xx_hal_spi.o
                0x00000000080022e6                HAL_SPI_TransmitReceive
 .text.SPI_WaitFlagStateUntilTimeout
                0x000000000800262a       0xd4 Drivers/STM32F4xx_HAL_Driver/Src/stm32f4xx_hal_spi.o
 .text.SPI_EndRxTransaction
                0x00000000080026fe       0xca Drivers/STM32F4xx_HAL_Driver/Src/stm32f4xx_hal_spi.o
 .text.SPI_EndRxTxTransaction
                0x00000000080027c8       0x84 Drivers/STM32F4xx_HAL_Driver/Src/stm32f4xx_hal_spi.o
 .text.HAL_TIM_Base_Init
                0x000000000800284c       0x56 Drivers/STM32F4xx_HAL_Driver/Src/stm32f4xx_hal_tim.o
                0x000000000800284c                HAL_TIM_Base_Init
 .text.HAL_TIM_Base_MspInit
                0x00000000080028a2       0x14 Drivers/STM32F4xx_HAL_Driver/Src/stm32f4xx_hal_tim.o
                0x00000000080028a2                HAL_TIM_Base_MspInit
 .text.HAL_TIM_Base_Start_IT
                0x00000000080028b6       0x48 Drivers/STM32F4xx_HAL_Driver/Src/stm32f4xx_hal_tim.o
                0x00000000080028b6                HAL_TIM_Base_Start_IT
 .text.HAL_TIM_IRQHandler
                0x00000000080028fe      0x210 Drivers/STM32F4xx_HAL_Driver/Src/stm32f4xx_hal_tim.o
                0x00000000080028fe                HAL_TIM_IRQHandler
 .text.HAL_TIM_OC_DelayElapsedCallback
                0x0000000008002b0e       0x14 Drivers/STM32F4xx_HAL_Driver/Src/stm32f4xx_hal_tim.o
                0x0000000008002b0e                HAL_TIM_OC_DelayElapsedCallback
 .text.HAL_TIM_IC_CaptureCallback
                0x0000000008002b22       0x14 Drivers/STM32F4xx_HAL_Driver/Src/stm32f4xx_hal_tim.o
                0x0000000008002b22                HAL_TIM_IC_CaptureCallback
 .text.HAL_TIM_PWM_PulseFinishedCallback
                0x0000000008002b36       0x14 Drivers/STM32F4xx_HAL_Driver/Src/stm32f4xx_hal_tim.o
                0x0000000008002b36                HAL_TIM_PWM_PulseFinishedCallback
 .text.HAL_TIM_TriggerCallback
                0x0000000008002b4a       0x14 Drivers/STM32F4xx_HAL_Driver/Src/stm32f4xx_hal_tim.o
                0x0000000008002b4a                HAL_TIM_TriggerCallback
 *fill*         0x0000000008002b5e        0x2 
 .text.TIM_Base_SetConfig
                0x0000000008002b60      0x140 Drivers/STM32F4xx_HAL_Driver/Src/stm32f4xx_hal_tim.o
                0x0000000008002b60                TIM_Base_SetConfig
 .text.HAL_TIMEx_CommutCallback
                0x0000000008002ca0       0x14 Drivers/STM32F4xx_HAL_Driver/Src/stm32f4xx_hal_tim_ex.o
                0x0000000008002ca0                HAL_TIMEx_CommutCallback
 .text.HAL_TIMEx_BreakCallback
                0x0000000008002cb4       0x14 Drivers/STM32F4xx_HAL_Driver/Src/stm32f4xx_hal_tim_ex.o
                0x0000000008002cb4                HAL_TIMEx_BreakCallback
 .text.HAL_UART_Init
                0x0000000008002cc8       0x9a Drivers/STM32F4xx_HAL_Driver/Src/stm32f4xx_hal_uart.o
                0x0000000008002cc8                HAL_UART_Init
 *fill*         0x0000000008002d62        0x2 
 .text.UART_SetConfig
                0x0000000008002d64      0x6f8 Drivers/STM32F4xx_HAL_Driver/Src/stm32f4xx_hal_uart.o
 .text.pvPortMalloc
                0x000000000800345c      0x184 FreeRTOS/MemMang/heap_4.o
                0x000000000800345c                pvPortMalloc
 .text.vPortFree
                0x00000000080035e0       0xb0 FreeRTOS/MemMang/heap_4.o
                0x00000000080035e0                vPortFree
 .text.prvHeapInit
                0x0000000008003690       0xc4 FreeRTOS/MemMang/heap_4.o
 .text.prvInsertBlockIntoFreeList
                0x0000000008003754       0xb4 FreeRTOS/MemMang/heap_4.o
 .text.vListInitialise
                0x0000000008003808       0x40 FreeRTOS/list.o
                0x0000000008003808                vListInitialise
 .text.vListInitialiseItem
                0x0000000008003848       0x1a FreeRTOS/list.o
                0x0000000008003848                vListInitialiseItem
 .text.vListInsertEnd
                0x0000000008003862       0x48 FreeRTOS/list.o
                0x0000000008003862                vListInsertEnd
 .text.vListInsert
                0x00000000080038aa       0x72 FreeRTOS/list.o
                0x00000000080038aa                vListInsert
 .text.uxListRemove
                0x000000000800391c       0x54 FreeRTOS/list.o
                0x000000000800391c                uxListRemove
 .text.xQueueGenericReset
                0x0000000008003970       0xd0 FreeRTOS/queue.o
                0x0000000008003970                xQueueGenericReset
 .text.xQueueGenericCreate
                0x0000000008003a40       0xb8 FreeRTOS/queue.o
                0x0000000008003a40                xQueueGenericCreate
 .text.prvInitialiseNewQueue
                0x0000000008003af8       0x46 FreeRTOS/queue.o
 *fill*         0x0000000008003b3e        0x2 
 .text.xQueueGenericSend
                0x0000000008003b40      0x1f4 FreeRTOS/queue.o
                0x0000000008003b40                xQueueGenericSend
 .text.xQueueGenericSendFromISR
                0x0000000008003d34      0x14a FreeRTOS/queue.o
                0x0000000008003d34                xQueueGenericSendFromISR
 .text.xQueueGiveFromISR
                0x0000000008003e7e      0x12e FreeRTOS/queue.o
                0x0000000008003e7e                xQueueGiveFromISR
 .text.xQueueReceive
                0x0000000008003fac      0x1b8 FreeRTOS/queue.o
                0x0000000008003fac                xQueueReceive
 .text.xQueueSemaphoreTake
                0x0000000008004164      0x210 FreeRTOS/queue.o
                0x0000000008004164                xQueueSemaphoreTake
 .text.prvGetDisinheritPriorityAfterTimeout
                0x0000000008004374       0x30 FreeRTOS/queue.o
 .text.prvCopyDataToQueue
                0x00000000080043a4       0xd4 FreeRTOS/queue.o
 .text.prvCopyDataFromQueue
                0x0000000008004478       0x4c FreeRTOS/queue.o
 .text.prvUnlockQueue
                0x00000000080044c4       0xa4 FreeRTOS/queue.o
 .text.prvIsQueueEmpty
                0x0000000008004568       0x2c FreeRTOS/queue.o
 .text.prvIsQueueFull
                0x0000000008004594       0x30 FreeRTOS/queue.o
 .text.vQueueAddToRegistry
                0x00000000080045c4       0x50 FreeRTOS/queue.o
                0x00000000080045c4                vQueueAddToRegistry
 .text.vQueueWaitForMessageRestricted
                0x0000000008004614       0x68 FreeRTOS/queue.o
                0x0000000008004614                vQueueWaitForMessageRestricted
 .text.xTaskCreate
                0x000000000800467c       0x82 FreeRTOS/tasks.o
                0x000000000800467c                xTaskCreate
 .text.prvInitialiseNewTask
                0x00000000080046fe      0x11c FreeRTOS/tasks.o
 *fill*         0x000000000800481a        0x2 
 .text.prvAddNewTaskToReadyList
                0x000000000800481c       0xdc FreeRTOS/tasks.o
 .text.vTaskDelay
                0x00000000080048f8       0x68 FreeRTOS/tasks.o
                0x00000000080048f8                vTaskDelay
 .text.vTaskStartScheduler
                0x0000000008004960       0x98 FreeRTOS/tasks.o
                0x0000000008004960                vTaskStartScheduler
 .text.vTaskSuspendAll
                0x00000000080049f8       0x1c FreeRTOS/tasks.o
                0x00000000080049f8                vTaskSuspendAll
 .text.xTaskResumeAll
                0x0000000008004a14      0x138 FreeRTOS/tasks.o
                0x0000000008004a14                xTaskResumeAll
 .text.xTaskGetTickCount
                0x0000000008004b4c       0x20 FreeRTOS/tasks.o
                0x0000000008004b4c                xTaskGetTickCount
 .text.xTaskIncrementTick
                0x0000000008004b6c      0x170 FreeRTOS/tasks.o
                0x0000000008004b6c                xTaskIncrementTick
 .text.vTaskSwitchContext
                0x0000000008004cdc       0xb4 FreeRTOS/tasks.o
                0x0000000008004cdc                vTaskSwitchContext
 .text.vTaskPlaceOnEventList
                0x0000000008004d90       0x48 FreeRTOS/tasks.o
                0x0000000008004d90                vTaskPlaceOnEventList
 .text.vTaskPlaceOnEventListRestricted
                0x0000000008004dd8       0x54 FreeRTOS/tasks.o
                0x0000000008004dd8                vTaskPlaceOnEventListRestricted
 .text.xTaskRemoveFromEventList
                0x0000000008004e2c       0xc4 FreeRTOS/tasks.o
                0x0000000008004e2c                xTaskRemoveFromEventList
 .text.vTaskInternalSetTimeOutState
                0x0000000008004ef0       0x2c FreeRTOS/tasks.o
                0x0000000008004ef0                vTaskInternalSetTimeOutState
 .text.xTaskCheckForTimeOut
                0x0000000008004f1c       0xc0 FreeRTOS/tasks.o
                0x0000000008004f1c                xTaskCheckForTimeOut
 .text.vTaskMissedYield
                0x0000000008004fdc       0x18 FreeRTOS/tasks.o
                0x0000000008004fdc                vTaskMissedYield
 .text.prvIdleTask
                0x0000000008004ff4       0x30 FreeRTOS/tasks.o
 .text.prvInitialiseTaskLists
                0x0000000008005024       0x80 FreeRTOS/tasks.o
 .text.prvCheckTasksWaitingTermination
                0x00000000080050a4       0x58 FreeRTOS/tasks.o
 .text.prvDeleteTCB
                0x00000000080050fc       0x20 FreeRTOS/tasks.o
 .text.prvResetNextTaskUnblockTime
                0x000000000800511c       0x40 FreeRTOS/tasks.o
 .text.xTaskGetSchedulerState
                0x000000000800515c       0x3c FreeRTOS/tasks.o
                0x000000000800515c                xTaskGetSchedulerState
 .text.xTaskPriorityInherit
                0x0000000008005198      0x100 FreeRTOS/tasks.o
                0x0000000008005198                xTaskPriorityInherit
 .text.xTaskPriorityDisinherit
                0x0000000008005298      0x108 FreeRTOS/tasks.o
                0x0000000008005298                xTaskPriorityDisinherit
 .text.vTaskPriorityDisinheritAfterTimeout
                0x00000000080053a0      0x130 FreeRTOS/tasks.o
                0x00000000080053a0                vTaskPriorityDisinheritAfterTimeout
 .text.pvTaskIncrementMutexHeldCount
                0x00000000080054d0       0x28 FreeRTOS/tasks.o
                0x00000000080054d0                pvTaskIncrementMutexHeldCount
 .text.prvAddCurrentTaskToDelayedList
                0x00000000080054f8       0xcc FreeRTOS/tasks.o
 .text.xTimerCreateTimerTask
                0x00000000080055c4       0x64 FreeRTOS/timers.o
                0x00000000080055c4                xTimerCreateTimerTask
 .text.xTimerGenericCommand
                0x0000000008005628       0x98 FreeRTOS/timers.o
                0x0000000008005628                xTimerGenericCommand
 .text.prvProcessExpiredTimer
                0x00000000080056c0       0x98 FreeRTOS/timers.o
 .text.prvTimerTask
                0x0000000008005758       0x24 FreeRTOS/timers.o
 .text.prvProcessTimerOrBlockTask
                0x000000000800577c       0x9c FreeRTOS/timers.o
 .text.prvGetNextExpireTime
                0x0000000008005818       0x48 FreeRTOS/timers.o
 .text.prvSampleTimeNow
                0x0000000008005860       0x40 FreeRTOS/timers.o
 .text.prvInsertTimerInActiveList
                0x00000000080058a0       0x84 FreeRTOS/timers.o
 .text.prvProcessReceivedCommands
                0x0000000008005924      0x188 FreeRTOS/timers.o
 .text.prvSwitchTimerLists
                0x0000000008005aac       0xc8 FreeRTOS/timers.o
 .text.prvCheckForValidListAndQueue
                0x0000000008005b74       0x6c FreeRTOS/timers.o
 .text.pxPortInitialiseStack
                0x0000000008005be0       0x68 FreeRTOS/portable/ARM_CM4F/port.o
                0x0000000008005be0                pxPortInitialiseStack
 .text.prvTaskExitError
                0x0000000008005c48       0x54 FreeRTOS/portable/ARM_CM4F/port.o
 *fill*         0x0000000008005c9c        0x4 
 .text.SVC_Handler
                0x0000000008005ca0       0x28 FreeRTOS/portable/ARM_CM4F/port.o
                0x0000000008005ca0                SVC_Handler
 .text.prvPortStartFirstTask
                0x0000000008005cc8       0x28 FreeRTOS/portable/ARM_CM4F/port.o
 .text.xPortStartScheduler
                0x0000000008005cf0      0x13c FreeRTOS/portable/ARM_CM4F/port.o
                0x0000000008005cf0                xPortStartScheduler
 .text.vPortEnterCritical
                0x0000000008005e2c       0x5c FreeRTOS/portable/ARM_CM4F/port.o
                0x0000000008005e2c                vPortEnterCritical
 .text.vPortExitCritical
                0x0000000008005e88       0x50 FreeRTOS/portable/ARM_CM4F/port.o
                0x0000000008005e88                vPortExitCritical
 *fill*         0x0000000008005ed8        0x8 
 .text.PendSV_Handler
                0x0000000008005ee0       0x68 FreeRTOS/portable/ARM_CM4F/port.o
                0x0000000008005ee0                PendSV_Handler
 .text.SysTick_Handler
                0x0000000008005f48       0x40 FreeRTOS/portable/ARM_CM4F/port.o
                0x0000000008005f48                SysTick_Handler
 .text.vPortSetupTimerInterrupt
                0x0000000008005f88       0x48 FreeRTOS/portable/ARM_CM4F/port.o
                0x0000000008005f88                vPortSetupTimerInterrupt
 .text.vPortEnableVFP
                0x0000000008005fd0       0x14 FreeRTOS/portable/ARM_CM4F/port.o
 .text.vPortValidateInterruptPriority
                0x0000000008005fe4       0x7c FreeRTOS/portable/ARM_CM4F/port.o
                0x0000000008005fe4                vPortValidateInterruptPriority
 .text.__libc_init_array
                0x0000000008006060       0x48 /opt/st/stm32cubeide_1.5.1/plugins/com.st.stm32cube.ide.mcu.externaltools.gnu-tools-for-stm32.7-2018-q2-update.linux64_1.5.0.202011040924/tools/bin/../lib/gcc/arm-none-eabi/7.3.1/../../../../arm-none-eabi/lib/thumb/v7e-m/fpv4-sp/hard/libc_nano.a(lib_a-init.o)
                0x0000000008006060                __libc_init_array
 .text.memcpy   0x00000000080060a8       0x16 /opt/st/stm32cubeide_1.5.1/plugins/com.st.stm32cube.ide.mcu.externaltools.gnu-tools-for-stm32.7-2018-q2-update.linux64_1.5.0.202011040924/tools/bin/../lib/gcc/arm-none-eabi/7.3.1/../../../../arm-none-eabi/lib/thumb/v7e-m/fpv4-sp/hard/libc_nano.a(lib_a-memcpy-stub.o)
                0x00000000080060a8                memcpy
 .text.memset   0x00000000080060be       0x10 /opt/st/stm32cubeide_1.5.1/plugins/com.st.stm32cube.ide.mcu.externaltools.gnu-tools-for-stm32.7-2018-q2-update.linux64_1.5.0.202011040924/tools/bin/../lib/gcc/arm-none-eabi/7.3.1/../../../../arm-none-eabi/lib/thumb/v7e-m/fpv4-sp/hard/libc_nano.a(lib_a-memset.o)
                0x00000000080060be                memset
 *(.glue_7)
 .glue_7        0x00000000080060ce        0x0 linker stubs
 *(.glue_7t)
 .glue_7t       0x00000000080060ce        0x0 linker stubs
 *(.eh_frame)
 *fill*         0x00000000080060ce        0x2 
 .eh_frame      0x00000000080060d0        0x0 /opt/st/stm32cubeide_1.5.1/plugins/com.st.stm32cube.ide.mcu.externaltools.gnu-tools-for-stm32.7-2018-q2-update.linux64_1.5.0.202011040924/tools/bin/../lib/gcc/arm-none-eabi/7.3.1/thumb/v7e-m/fpv4-sp/hard/crtbegin.o
 *(.init)
 .init          0x00000000080060d0        0x4 /opt/st/stm32cubeide_1.5.1/plugins/com.st.stm32cube.ide.mcu.externaltools.gnu-tools-for-stm32.7-2018-q2-update.linux64_1.5.0.202011040924/tools/bin/../lib/gcc/arm-none-eabi/7.3.1/thumb/v7e-m/fpv4-sp/hard/crti.o
                0x00000000080060d0                _init
 .init          0x00000000080060d4        0x8 /opt/st/stm32cubeide_1.5.1/plugins/com.st.stm32cube.ide.mcu.externaltools.gnu-tools-for-stm32.7-2018-q2-update.linux64_1.5.0.202011040924/tools/bin/../lib/gcc/arm-none-eabi/7.3.1/thumb/v7e-m/fpv4-sp/hard/crtn.o
 *(.fini)
 .fini          0x00000000080060dc        0x4 /opt/st/stm32cubeide_1.5.1/plugins/com.st.stm32cube.ide.mcu.externaltools.gnu-tools-for-stm32.7-2018-q2-update.linux64_1.5.0.202011040924/tools/bin/../lib/gcc/arm-none-eabi/7.3.1/thumb/v7e-m/fpv4-sp/hard/crti.o
                0x00000000080060dc                _fini
 .fini          0x00000000080060e0        0x8 /opt/st/stm32cubeide_1.5.1/plugins/com.st.stm32cube.ide.mcu.externaltools.gnu-tools-for-stm32.7-2018-q2-update.linux64_1.5.0.202011040924/tools/bin/../lib/gcc/arm-none-eabi/7.3.1/thumb/v7e-m/fpv4-sp/hard/crtn.o
                0x00000000080060e8                . = ALIGN (0x4)
                0x00000000080060e8                _etext = .

.vfp11_veneer   0x00000000080060e8        0x0
 .vfp11_veneer  0x00000000080060e8        0x0 linker stubs

.v4_bx          0x00000000080060e8        0x0
 .v4_bx         0x00000000080060e8        0x0 linker stubs

.iplt           0x00000000080060e8        0x0
 .iplt          0x00000000080060e8        0x0 /opt/st/stm32cubeide_1.5.1/plugins/com.st.stm32cube.ide.mcu.externaltools.gnu-tools-for-stm32.7-2018-q2-update.linux64_1.5.0.202011040924/tools/bin/../lib/gcc/arm-none-eabi/7.3.1/thumb/v7e-m/fpv4-sp/hard/crtbegin.o

.rodata         0x00000000080060e8       0x40
                0x00000000080060e8                . = ALIGN (0x4)
 *(.rodata)
 .rodata        0x00000000080060e8        0xe Core/Src/main.o
 *fill*         0x00000000080060f6        0x2 
 .rodata        0x00000000080060f8        0x5 FreeRTOS/tasks.o
 *fill*         0x00000000080060fd        0x3 
 .rodata        0x0000000008006100        0xd FreeRTOS/timers.o
 *(.rodata*)
 *fill*         0x000000000800610d        0x3 
 .rodata.AHBPrescTable
                0x0000000008006110       0x10 Core/Src/system_stm32f4xx.o
                0x0000000008006110                AHBPrescTable
 .rodata.APBPrescTable
                0x0000000008006120        0x8 Core/Src/system_stm32f4xx.o
                0x0000000008006120                APBPrescTable
                0x0000000008006128                . = ALIGN (0x4)

.ARM.extab      0x0000000008006128        0x0
                0x0000000008006128                . = ALIGN (0x4)
 *(.ARM.extab* .gnu.linkonce.armextab.*)
                0x0000000008006128                . = ALIGN (0x4)

.ARM            0x0000000008006128        0x8
                0x0000000008006128                . = ALIGN (0x4)
                0x0000000008006128                __exidx_start = .
 *(.ARM.exidx*)
 .ARM.exidx     0x0000000008006128        0x8 /opt/st/stm32cubeide_1.5.1/plugins/com.st.stm32cube.ide.mcu.externaltools.gnu-tools-for-stm32.7-2018-q2-update.linux64_1.5.0.202011040924/tools/bin/../lib/gcc/arm-none-eabi/7.3.1/thumb/v7e-m/fpv4-sp/hard/libgcc.a(_udivmoddi4.o)
                0x0000000008006130                __exidx_end = .
                0x0000000008006130                . = ALIGN (0x4)

.rel.dyn        0x0000000008006130        0x0
 .rel.iplt      0x0000000008006130        0x0 /opt/st/stm32cubeide_1.5.1/plugins/com.st.stm32cube.ide.mcu.externaltools.gnu-tools-for-stm32.7-2018-q2-update.linux64_1.5.0.202011040924/tools/bin/../lib/gcc/arm-none-eabi/7.3.1/thumb/v7e-m/fpv4-sp/hard/crtbegin.o

.preinit_array  0x0000000008006130        0x0
                0x0000000008006130                . = ALIGN (0x4)
                0x0000000008006130                PROVIDE (__preinit_array_start = .)
 *(.preinit_array*)
                0x0000000008006130                PROVIDE (__preinit_array_end = .)
                0x0000000008006130                . = ALIGN (0x4)

.init_array     0x0000000008006130        0x4
                0x0000000008006130                . = ALIGN (0x4)
                0x0000000008006130                PROVIDE (__init_array_start = .)
 *(SORT_BY_NAME(.init_array.*))
 *(.init_array*)
 .init_array    0x0000000008006130        0x4 /opt/st/stm32cubeide_1.5.1/plugins/com.st.stm32cube.ide.mcu.externaltools.gnu-tools-for-stm32.7-2018-q2-update.linux64_1.5.0.202011040924/tools/bin/../lib/gcc/arm-none-eabi/7.3.1/thumb/v7e-m/fpv4-sp/hard/crtbegin.o
                0x0000000008006134                PROVIDE (__init_array_end = .)
                0x0000000008006134                . = ALIGN (0x4)

.fini_array     0x0000000008006134        0x4
                0x0000000008006134                . = ALIGN (0x4)
                [!provide]                        PROVIDE (__fini_array_start = .)
 *(SORT_BY_NAME(.fini_array.*))
 *(.fini_array*)
 .fini_array    0x0000000008006134        0x4 /opt/st/stm32cubeide_1.5.1/plugins/com.st.stm32cube.ide.mcu.externaltools.gnu-tools-for-stm32.7-2018-q2-update.linux64_1.5.0.202011040924/tools/bin/../lib/gcc/arm-none-eabi/7.3.1/thumb/v7e-m/fpv4-sp/hard/crtbegin.o
                [!provide]                        PROVIDE (__fini_array_end = .)
                0x0000000008006138                . = ALIGN (0x4)
                0x0000000008006138                _sidata = LOADADDR (.data)

.data           0x0000000020000000       0x14 load address 0x0000000008006138
                0x0000000020000000                . = ALIGN (0x4)
                0x0000000020000000                _sdata = .
 *(.data)
 *(.data*)
 .data.flag     0x0000000020000000        0x1 Core/Src/main.o
                0x0000000020000000                flag
 *fill*         0x0000000020000001        0x3 
 .data.SystemCoreClock
                0x0000000020000004        0x4 Core/Src/system_stm32f4xx.o
                0x0000000020000004                SystemCoreClock
 .data.uwTickPrio
                0x0000000020000008        0x4 Drivers/STM32F4xx_HAL_Driver/Src/stm32f4xx_hal.o
                0x0000000020000008                uwTickPrio
 .data.uwTickFreq
                0x000000002000000c        0x1 Drivers/STM32F4xx_HAL_Driver/Src/stm32f4xx_hal.o
                0x000000002000000c                uwTickFreq
 *fill*         0x000000002000000d        0x3 
 .data.uxCriticalNesting
                0x0000000020000010        0x4 FreeRTOS/portable/ARM_CM4F/port.o
 *(.RamFunc)
 *(.RamFunc*)
                0x0000000020000014                . = ALIGN (0x4)
                0x0000000020000014                _edata = .

.igot.plt       0x0000000020000014        0x0 load address 0x000000000800614c
 .igot.plt      0x0000000020000014        0x0 /opt/st/stm32cubeide_1.5.1/plugins/com.st.stm32cube.ide.mcu.externaltools.gnu-tools-for-stm32.7-2018-q2-update.linux64_1.5.0.202011040924/tools/bin/../lib/gcc/arm-none-eabi/7.3.1/thumb/v7e-m/fpv4-sp/hard/crtbegin.o
                0x0000000020000014                . = ALIGN (0x4)

.bss            0x0000000020000014    0x12e9c load address 0x000000000800614c
                0x0000000020000014                _sbss = .
                0x0000000020000014                __bss_start__ = _sbss
 *(.bss)
 .bss           0x0000000020000014       0x1c /opt/st/stm32cubeide_1.5.1/plugins/com.st.stm32cube.ide.mcu.externaltools.gnu-tools-for-stm32.7-2018-q2-update.linux64_1.5.0.202011040924/tools/bin/../lib/gcc/arm-none-eabi/7.3.1/thumb/v7e-m/fpv4-sp/hard/crtbegin.o
 *(.bss*)
 .bss.ucHeap    0x0000000020000030    0x12c00 FreeRTOS/MemMang/heap_4.o
 .bss.xStart    0x0000000020012c30        0x8 FreeRTOS/MemMang/heap_4.o
 .bss.pxEnd     0x0000000020012c38        0x4 FreeRTOS/MemMang/heap_4.o
 .bss.xFreeBytesRemaining
                0x0000000020012c3c        0x4 FreeRTOS/MemMang/heap_4.o
 .bss.xMinimumEverFreeBytesRemaining
                0x0000000020012c40        0x4 FreeRTOS/MemMang/heap_4.o
 .bss.xBlockAllocatedBit
                0x0000000020012c44        0x4 FreeRTOS/MemMang/heap_4.o
 .bss.pxCurrentTCB
                0x0000000020012c48        0x4 FreeRTOS/tasks.o
                0x0000000020012c48                pxCurrentTCB
 .bss.pxReadyTasksLists
                0x0000000020012c4c       0x64 FreeRTOS/tasks.o
 .bss.xDelayedTaskList1
                0x0000000020012cb0       0x14 FreeRTOS/tasks.o
 .bss.xDelayedTaskList2
                0x0000000020012cc4       0x14 FreeRTOS/tasks.o
 .bss.pxDelayedTaskList
                0x0000000020012cd8        0x4 FreeRTOS/tasks.o
 .bss.pxOverflowDelayedTaskList
                0x0000000020012cdc        0x4 FreeRTOS/tasks.o
 .bss.xPendingReadyList
                0x0000000020012ce0       0x14 FreeRTOS/tasks.o
 .bss.xTasksWaitingTermination
                0x0000000020012cf4       0x14 FreeRTOS/tasks.o
 .bss.uxDeletedTasksWaitingCleanUp
                0x0000000020012d08        0x4 FreeRTOS/tasks.o
 .bss.xSuspendedTaskList
                0x0000000020012d0c       0x14 FreeRTOS/tasks.o
 .bss.uxCurrentNumberOfTasks
                0x0000000020012d20        0x4 FreeRTOS/tasks.o
 .bss.xTickCount
                0x0000000020012d24        0x4 FreeRTOS/tasks.o
 .bss.uxTopReadyPriority
                0x0000000020012d28        0x4 FreeRTOS/tasks.o
 .bss.xSchedulerRunning
                0x0000000020012d2c        0x4 FreeRTOS/tasks.o
 .bss.uxPendedTicks
                0x0000000020012d30        0x4 FreeRTOS/tasks.o
 .bss.xYieldPending
                0x0000000020012d34        0x4 FreeRTOS/tasks.o
 .bss.xNumOfOverflows
                0x0000000020012d38        0x4 FreeRTOS/tasks.o
 .bss.uxTaskNumber
                0x0000000020012d3c        0x4 FreeRTOS/tasks.o
 .bss.xNextTaskUnblockTime
                0x0000000020012d40        0x4 FreeRTOS/tasks.o
 .bss.xIdleTaskHandle
                0x0000000020012d44        0x4 FreeRTOS/tasks.o
 .bss.uxSchedulerSuspended
                0x0000000020012d48        0x4 FreeRTOS/tasks.o
 .bss.xActiveTimerList1
                0x0000000020012d4c       0x14 FreeRTOS/timers.o
 .bss.xActiveTimerList2
                0x0000000020012d60       0x14 FreeRTOS/timers.o
 .bss.pxCurrentTimerList
                0x0000000020012d74        0x4 FreeRTOS/timers.o
 .bss.pxOverflowTimerList
                0x0000000020012d78        0x4 FreeRTOS/timers.o
 .bss.xTimerQueue
                0x0000000020012d7c        0x4 FreeRTOS/timers.o
 .bss.xTimerTaskHandle
                0x0000000020012d80        0x4 FreeRTOS/timers.o
 .bss.xLastTime.6707
                0x0000000020012d84        0x4 FreeRTOS/timers.o
 .bss.ucMaxSysCallPriority
                0x0000000020012d88        0x1 FreeRTOS/portable/ARM_CM4F/port.o
 *fill*         0x0000000020012d89        0x3 
 .bss.ulMaxPRIGROUPValue
                0x0000000020012d8c        0x4 FreeRTOS/portable/ARM_CM4F/port.o
 *(COMMON)
 COMMON         0x0000000020012d90       0x9c Core/Src/main.o
                0x0000000020012d90                xSemaphore
                0x0000000020012d94                huart4
                0x0000000020012dd4                hspi1
 COMMON         0x0000000020012e2c       0x40 Core/Src/stm32f4xx_hal_timebase_tim.o
                0x0000000020012e2c                htim6
 COMMON         0x0000000020012e6c        0x4 Drivers/STM32F4xx_HAL_Driver/Src/stm32f4xx_hal.o
                0x0000000020012e6c                uwTick
 COMMON         0x0000000020012e70       0x40 FreeRTOS/queue.o
                0x0000000020012e70                xQueueRegistry
                0x0000000020012eb0                . = ALIGN (0x4)
                0x0000000020012eb0                _ebss = .
                0x0000000020012eb0                __bss_end__ = _ebss

._user_heap_stack
                0x0000000020012eb0      0x600 load address 0x000000000800614c
                0x0000000020012eb0                . = ALIGN (0x8)
                [!provide]                        PROVIDE (end = .)
                0x0000000020012eb0                PROVIDE (_end = .)
                0x00000000200130b0                . = (. + _Min_Heap_Size)
 *fill*         0x0000000020012eb0      0x200 
                0x00000000200134b0                . = (. + _Min_Stack_Size)
 *fill*         0x00000000200130b0      0x400 
                0x00000000200134b0                . = ALIGN (0x8)

/DISCARD/
 libc.a(*)
 libm.a(*)
 libgcc.a(*)

.ARM.attributes
                0x0000000000000000       0x30
 *(.ARM.attributes)
 .ARM.attributes
                0x0000000000000000       0x22 /opt/st/stm32cubeide_1.5.1/plugins/com.st.stm32cube.ide.mcu.externaltools.gnu-tools-for-stm32.7-2018-q2-update.linux64_1.5.0.202011040924/tools/bin/../lib/gcc/arm-none-eabi/7.3.1/thumb/v7e-m/fpv4-sp/hard/crti.o
 .ARM.attributes
                0x0000000000000022       0x34 /opt/st/stm32cubeide_1.5.1/plugins/com.st.stm32cube.ide.mcu.externaltools.gnu-tools-for-stm32.7-2018-q2-update.linux64_1.5.0.202011040924/tools/bin/../lib/gcc/arm-none-eabi/7.3.1/thumb/v7e-m/fpv4-sp/hard/crtbegin.o
 .ARM.attributes
                0x0000000000000056       0x39 Core/Src/main.o
 .ARM.attributes
                0x000000000000008f       0x39 Core/Src/stm32f4xx_hal_msp.o
 .ARM.attributes
                0x00000000000000c8       0x39 Core/Src/stm32f4xx_hal_timebase_tim.o
 .ARM.attributes
                0x0000000000000101       0x39 Core/Src/stm32f4xx_it.o
 .ARM.attributes
                0x000000000000013a       0x39 Core/Src/system_stm32f4xx.o
 .ARM.attributes
                0x0000000000000173       0x21 Core/Startup/startup_stm32f407vgtx.o
 .ARM.attributes
                0x0000000000000194       0x39 Drivers/STM32F4xx_HAL_Driver/Src/stm32f4xx_hal.o
 .ARM.attributes
                0x00000000000001cd       0x39 Drivers/STM32F4xx_HAL_Driver/Src/stm32f4xx_hal_cortex.o
 .ARM.attributes
                0x0000000000000206       0x39 Drivers/STM32F4xx_HAL_Driver/Src/stm32f4xx_hal_gpio.o
 .ARM.attributes
                0x000000000000023f       0x39 Drivers/STM32F4xx_HAL_Driver/Src/stm32f4xx_hal_rcc.o
 .ARM.attributes
                0x0000000000000278       0x39 Drivers/STM32F4xx_HAL_Driver/Src/stm32f4xx_hal_spi.o
 .ARM.attributes
                0x00000000000002b1       0x39 Drivers/STM32F4xx_HAL_Driver/Src/stm32f4xx_hal_tim.o
 .ARM.attributes
                0x00000000000002ea       0x39 Drivers/STM32F4xx_HAL_Driver/Src/stm32f4xx_hal_tim_ex.o
 .ARM.attributes
                0x0000000000000323       0x39 Drivers/STM32F4xx_HAL_Driver/Src/stm32f4xx_hal_uart.o
 .ARM.attributes
                0x000000000000035c       0x39 FreeRTOS/MemMang/heap_4.o
 .ARM.attributes
                0x0000000000000395       0x39 FreeRTOS/list.o
 .ARM.attributes
                0x00000000000003ce       0x39 FreeRTOS/queue.o
 .ARM.attributes
                0x0000000000000407       0x39 FreeRTOS/tasks.o
 .ARM.attributes
                0x0000000000000440       0x39 FreeRTOS/timers.o
 .ARM.attributes
                0x0000000000000479       0x39 FreeRTOS/portable/ARM_CM4F/port.o
 .ARM.attributes
                0x00000000000004b2       0x34 /opt/st/stm32cubeide_1.5.1/plugins/com.st.stm32cube.ide.mcu.externaltools.gnu-tools-for-stm32.7-2018-q2-update.linux64_1.5.0.202011040924/tools/bin/../lib/gcc/arm-none-eabi/7.3.1/../../../../arm-none-eabi/lib/thumb/v7e-m/fpv4-sp/hard/libc_nano.a(lib_a-init.o)
 .ARM.attributes
                0x00000000000004e6       0x34 /opt/st/stm32cubeide_1.5.1/plugins/com.st.stm32cube.ide.mcu.externaltools.gnu-tools-for-stm32.7-2018-q2-update.linux64_1.5.0.202011040924/tools/bin/../lib/gcc/arm-none-eabi/7.3.1/../../../../arm-none-eabi/lib/thumb/v7e-m/fpv4-sp/hard/libc_nano.a(lib_a-memcpy-stub.o)
 .ARM.attributes
                0x000000000000051a       0x34 /opt/st/stm32cubeide_1.5.1/plugins/com.st.stm32cube.ide.mcu.externaltools.gnu-tools-for-stm32.7-2018-q2-update.linux64_1.5.0.202011040924/tools/bin/../lib/gcc/arm-none-eabi/7.3.1/../../../../arm-none-eabi/lib/thumb/v7e-m/fpv4-sp/hard/libc_nano.a(lib_a-memset.o)
 .ARM.attributes
                0x000000000000054e       0x22 /opt/st/stm32cubeide_1.5.1/plugins/com.st.stm32cube.ide.mcu.externaltools.gnu-tools-for-stm32.7-2018-q2-update.linux64_1.5.0.202011040924/tools/bin/../lib/gcc/arm-none-eabi/7.3.1/thumb/v7e-m/fpv4-sp/hard/libgcc.a(_aeabi_uldivmod.o)
 .ARM.attributes
                0x0000000000000570       0x34 /opt/st/stm32cubeide_1.5.1/plugins/com.st.stm32cube.ide.mcu.externaltools.gnu-tools-for-stm32.7-2018-q2-update.linux64_1.5.0.202011040924/tools/bin/../lib/gcc/arm-none-eabi/7.3.1/thumb/v7e-m/fpv4-sp/hard/libgcc.a(_udivmoddi4.o)
 .ARM.attributes
                0x00000000000005a4       0x22 /opt/st/stm32cubeide_1.5.1/plugins/com.st.stm32cube.ide.mcu.externaltools.gnu-tools-for-stm32.7-2018-q2-update.linux64_1.5.0.202011040924/tools/bin/../lib/gcc/arm-none-eabi/7.3.1/thumb/v7e-m/fpv4-sp/hard/libgcc.a(_dvmd_tls.o)
 .ARM.attributes
                0x00000000000005c6       0x22 /opt/st/stm32cubeide_1.5.1/plugins/com.st.stm32cube.ide.mcu.externaltools.gnu-tools-for-stm32.7-2018-q2-update.linux64_1.5.0.202011040924/tools/bin/../lib/gcc/arm-none-eabi/7.3.1/thumb/v7e-m/fpv4-sp/hard/crtn.o
OUTPUT(fat.elf elf32-littlearm)

.debug_info     0x0000000000000000    0x135c7
 .debug_info    0x0000000000000000     0x13bc Core/Src/main.o
 .debug_info    0x00000000000013bc      0xc29 Core/Src/stm32f4xx_hal_msp.o
 .debug_info    0x0000000000001fe5      0xb2d Core/Src/stm32f4xx_hal_timebase_tim.o
 .debug_info    0x0000000000002b12      0x712 Core/Src/stm32f4xx_it.o
 .debug_info    0x0000000000003224      0x554 Core/Src/system_stm32f4xx.o
 .debug_info    0x0000000000003778       0x22 Core/Startup/startup_stm32f407vgtx.o
 .debug_info    0x000000000000379a      0x945 Drivers/STM32F4xx_HAL_Driver/Src/stm32f4xx_hal.o
 .debug_info    0x00000000000040df      0xe28 Drivers/STM32F4xx_HAL_Driver/Src/stm32f4xx_hal_cortex.o
 .debug_info    0x0000000000004f07      0x78f Drivers/STM32F4xx_HAL_Driver/Src/stm32f4xx_hal_gpio.o
 .debug_info    0x0000000000005696      0x904 Drivers/STM32F4xx_HAL_Driver/Src/stm32f4xx_hal_rcc.o
 .debug_info    0x0000000000005f9a     0x163a Drivers/STM32F4xx_HAL_Driver/Src/stm32f4xx_hal_spi.o
 .debug_info    0x00000000000075d4     0x24a9 Drivers/STM32F4xx_HAL_Driver/Src/stm32f4xx_hal_tim.o
 .debug_info    0x0000000000009a7d     0x1157 Drivers/STM32F4xx_HAL_Driver/Src/stm32f4xx_hal_tim_ex.o
 .debug_info    0x000000000000abd4     0x124c Drivers/STM32F4xx_HAL_Driver/Src/stm32f4xx_hal_uart.o
 .debug_info    0x000000000000be20      0xbec FreeRTOS/MemMang/heap_4.o
 .debug_info    0x000000000000ca0c      0xacb FreeRTOS/list.o
 .debug_info    0x000000000000d4d7     0x1ff2 FreeRTOS/queue.o
 .debug_info    0x000000000000f4c9     0x2702 FreeRTOS/tasks.o
 .debug_info    0x0000000000011bcb     0x14c9 FreeRTOS/timers.o
 .debug_info    0x0000000000013094      0x533 FreeRTOS/portable/ARM_CM4F/port.o

.debug_abbrev   0x0000000000000000     0x2947
 .debug_abbrev  0x0000000000000000      0x260 Core/Src/main.o
 .debug_abbrev  0x0000000000000260      0x18c Core/Src/stm32f4xx_hal_msp.o
 .debug_abbrev  0x00000000000003ec      0x19d Core/Src/stm32f4xx_hal_timebase_tim.o
 .debug_abbrev  0x0000000000000589      0x15a Core/Src/stm32f4xx_it.o
 .debug_abbrev  0x00000000000006e3      0x12b Core/Src/system_stm32f4xx.o
 .debug_abbrev  0x000000000000080e       0x12 Core/Startup/startup_stm32f407vgtx.o
 .debug_abbrev  0x0000000000000820      0x1c7 Drivers/STM32F4xx_HAL_Driver/Src/stm32f4xx_hal.o
 .debug_abbrev  0x00000000000009e7      0x2fa Drivers/STM32F4xx_HAL_Driver/Src/stm32f4xx_hal_cortex.o
 .debug_abbrev  0x0000000000000ce1      0x1c9 Drivers/STM32F4xx_HAL_Driver/Src/stm32f4xx_hal_gpio.o
 .debug_abbrev  0x0000000000000eaa      0x245 Drivers/STM32F4xx_HAL_Driver/Src/stm32f4xx_hal_rcc.o
 .debug_abbrev  0x00000000000010ef      0x240 Drivers/STM32F4xx_HAL_Driver/Src/stm32f4xx_hal_spi.o
 .debug_abbrev  0x000000000000132f      0x230 Drivers/STM32F4xx_HAL_Driver/Src/stm32f4xx_hal_tim.o
 .debug_abbrev  0x000000000000155f      0x21e Drivers/STM32F4xx_HAL_Driver/Src/stm32f4xx_hal_tim_ex.o
 .debug_abbrev  0x000000000000177d      0x242 Drivers/STM32F4xx_HAL_Driver/Src/stm32f4xx_hal_uart.o
 .debug_abbrev  0x00000000000019bf      0x29e FreeRTOS/MemMang/heap_4.o
 .debug_abbrev  0x0000000000001c5d      0x1cf FreeRTOS/list.o
 .debug_abbrev  0x0000000000001e2c      0x2f1 FreeRTOS/queue.o
 .debug_abbrev  0x000000000000211d      0x352 FreeRTOS/tasks.o
 .debug_abbrev  0x000000000000246f      0x2c8 FreeRTOS/timers.o
 .debug_abbrev  0x0000000000002737      0x210 FreeRTOS/portable/ARM_CM4F/port.o

.debug_aranges  0x0000000000000000     0x1218
 .debug_aranges
                0x0000000000000000       0x70 Core/Src/main.o
 .debug_aranges
                0x0000000000000070       0x40 Core/Src/stm32f4xx_hal_msp.o
 .debug_aranges
                0x00000000000000b0       0x30 Core/Src/stm32f4xx_hal_timebase_tim.o
 .debug_aranges
                0x00000000000000e0       0x70 Core/Src/stm32f4xx_it.o
 .debug_aranges
                0x0000000000000150       0x28 Core/Src/system_stm32f4xx.o
 .debug_aranges
                0x0000000000000178       0x28 Core/Startup/startup_stm32f407vgtx.o
 .debug_aranges
                0x00000000000001a0       0xf0 Drivers/STM32F4xx_HAL_Driver/Src/stm32f4xx_hal.o
 .debug_aranges
                0x0000000000000290      0x118 Drivers/STM32F4xx_HAL_Driver/Src/stm32f4xx_hal_cortex.o
 .debug_aranges
                0x00000000000003a8       0x50 Drivers/STM32F4xx_HAL_Driver/Src/stm32f4xx_hal_gpio.o
 .debug_aranges
                0x00000000000003f8       0x88 Drivers/STM32F4xx_HAL_Driver/Src/stm32f4xx_hal_rcc.o
 .debug_aranges
                0x0000000000000480      0x1d0 Drivers/STM32F4xx_HAL_Driver/Src/stm32f4xx_hal_spi.o
 .debug_aranges
                0x0000000000000650      0x3a8 Drivers/STM32F4xx_HAL_Driver/Src/stm32f4xx_hal_tim.o
 .debug_aranges
                0x00000000000009f8      0x150 Drivers/STM32F4xx_HAL_Driver/Src/stm32f4xx_hal_tim_ex.o
 .debug_aranges
                0x0000000000000b48      0x1d0 Drivers/STM32F4xx_HAL_Driver/Src/stm32f4xx_hal_uart.o
 .debug_aranges
                0x0000000000000d18       0x50 FreeRTOS/MemMang/heap_4.o
 .debug_aranges
                0x0000000000000d68       0x40 FreeRTOS/list.o
 .debug_aranges
                0x0000000000000da8      0x130 FreeRTOS/queue.o
 .debug_aranges
                0x0000000000000ed8      0x1e8 FreeRTOS/tasks.o
 .debug_aranges
                0x00000000000010c0       0xd8 FreeRTOS/timers.o
 .debug_aranges
                0x0000000000001198       0x80 FreeRTOS/portable/ARM_CM4F/port.o

.debug_ranges   0x0000000000000000     0x10e0
 .debug_ranges  0x0000000000000000       0x60 Core/Src/main.o
 .debug_ranges  0x0000000000000060       0x30 Core/Src/stm32f4xx_hal_msp.o
 .debug_ranges  0x0000000000000090       0x20 Core/Src/stm32f4xx_hal_timebase_tim.o
 .debug_ranges  0x00000000000000b0       0x60 Core/Src/stm32f4xx_it.o
 .debug_ranges  0x0000000000000110       0x18 Core/Src/system_stm32f4xx.o
 .debug_ranges  0x0000000000000128       0x20 Core/Startup/startup_stm32f407vgtx.o
 .debug_ranges  0x0000000000000148       0xe0 Drivers/STM32F4xx_HAL_Driver/Src/stm32f4xx_hal.o
 .debug_ranges  0x0000000000000228      0x108 Drivers/STM32F4xx_HAL_Driver/Src/stm32f4xx_hal_cortex.o
 .debug_ranges  0x0000000000000330       0x40 Drivers/STM32F4xx_HAL_Driver/Src/stm32f4xx_hal_gpio.o
 .debug_ranges  0x0000000000000370       0x78 Drivers/STM32F4xx_HAL_Driver/Src/stm32f4xx_hal_rcc.o
 .debug_ranges  0x00000000000003e8      0x1c0 Drivers/STM32F4xx_HAL_Driver/Src/stm32f4xx_hal_spi.o
 .debug_ranges  0x00000000000005a8      0x398 Drivers/STM32F4xx_HAL_Driver/Src/stm32f4xx_hal_tim.o
 .debug_ranges  0x0000000000000940      0x140 Drivers/STM32F4xx_HAL_Driver/Src/stm32f4xx_hal_tim_ex.o
 .debug_ranges  0x0000000000000a80      0x1c0 Drivers/STM32F4xx_HAL_Driver/Src/stm32f4xx_hal_uart.o
 .debug_ranges  0x0000000000000c40       0x40 FreeRTOS/MemMang/heap_4.o
 .debug_ranges  0x0000000000000c80       0x30 FreeRTOS/list.o
 .debug_ranges  0x0000000000000cb0      0x120 FreeRTOS/queue.o
 .debug_ranges  0x0000000000000dd0      0x1d8 FreeRTOS/tasks.o
 .debug_ranges  0x0000000000000fa8       0xc8 FreeRTOS/timers.o
 .debug_ranges  0x0000000000001070       0x70 FreeRTOS/portable/ARM_CM4F/port.o

.debug_macro    0x0000000000000000    0x21e99
 .debug_macro   0x0000000000000000      0x2e8 Core/Src/main.o
 .debug_macro   0x00000000000002e8      0xa5a Core/Src/main.o
 .debug_macro   0x0000000000000d42      0x29a Core/Src/main.o
 .debug_macro   0x0000000000000fdc       0x2e Core/Src/main.o
 .debug_macro   0x000000000000100a       0x2f Core/Src/main.o
 .debug_macro   0x0000000000001039       0x22 Core/Src/main.o
 .debug_macro   0x000000000000105b       0x8e Core/Src/main.o
 .debug_macro   0x00000000000010e9       0x51 Core/Src/main.o
 .debug_macro   0x000000000000113a       0xef Core/Src/main.o
 .debug_macro   0x0000000000001229       0x6a Core/Src/main.o
 .debug_macro   0x0000000000001293      0x1df Core/Src/main.o
 .debug_macro   0x0000000000001472       0x1c Core/Src/main.o
 .debug_macro   0x000000000000148e       0x22 Core/Src/main.o
 .debug_macro   0x00000000000014b0       0xdf Core/Src/main.o
 .debug_macro   0x000000000000158f     0x102d Core/Src/main.o
 .debug_macro   0x00000000000025bc      0x11f Core/Src/main.o
 .debug_macro   0x00000000000026db    0x15e3c Core/Src/main.o
 .debug_macro   0x0000000000018517       0x43 Core/Src/main.o
 .debug_macro   0x000000000001855a     0x3659 Core/Src/main.o
 .debug_macro   0x000000000001bbb3      0x174 Core/Src/main.o
 .debug_macro   0x000000000001bd27       0x5a Core/Src/main.o
 .debug_macro   0x000000000001bd81      0x96b Core/Src/main.o
 .debug_macro   0x000000000001c6ec      0x9fe Core/Src/main.o
 .debug_macro   0x000000000001d0ea      0x117 Core/Src/main.o
 .debug_macro   0x000000000001d201      0x13e Core/Src/main.o
 .debug_macro   0x000000000001d33f       0x27 Core/Src/main.o
 .debug_macro   0x000000000001d366      0x174 Core/Src/main.o
 .debug_macro   0x000000000001d4da      0x287 Core/Src/main.o
 .debug_macro   0x000000000001d761       0x5f Core/Src/main.o
 .debug_macro   0x000000000001d7c0      0x236 Core/Src/main.o
 .debug_macro   0x000000000001d9f6      0x12c Core/Src/main.o
 .debug_macro   0x000000000001db22      0x21e Core/Src/main.o
 .debug_macro   0x000000000001dd40       0x2e Core/Src/main.o
 .debug_macro   0x000000000001dd6e      0x11a Core/Src/main.o
 .debug_macro   0x000000000001de88       0x7e Core/Src/main.o
 .debug_macro   0x000000000001df06       0x89 Core/Src/main.o
 .debug_macro   0x000000000001df8f      0x225 Core/Src/main.o
 .debug_macro   0x000000000001e1b4      0x8a0 Core/Src/main.o
 .debug_macro   0x000000000001ea54       0x47 Core/Src/main.o
 .debug_macro   0x000000000001ea9b      0x287 Core/Src/main.o
 .debug_macro   0x000000000001ed22      0x12d Core/Src/main.o
 .debug_macro   0x000000000001ee4f      0x106 Core/Src/main.o
 .debug_macro   0x000000000001ef55      0x15a Core/Src/main.o
 .debug_macro   0x000000000001f0af       0xe4 Core/Src/main.o
 .debug_macro   0x000000000001f193       0x1c Core/Src/main.o
 .debug_macro   0x000000000001f1af       0x26 Core/Src/main.o
 .debug_macro   0x000000000001f1d5      0x4d3 Core/Src/main.o
 .debug_macro   0x000000000001f6a8       0xb5 Core/Src/main.o
 .debug_macro   0x000000000001f75d       0xaa Core/Src/main.o
 .debug_macro   0x000000000001f807       0x80 Core/Src/main.o
 .debug_macro   0x000000000001f887       0x7e Core/Src/main.o
 .debug_macro   0x000000000001f905      0x1e2 Core/Src/stm32f4xx_hal_msp.o
 .debug_macro   0x000000000001fae7      0x1d8 Core/Src/stm32f4xx_hal_timebase_tim.o
 .debug_macro   0x000000000001fcbf      0x1ec Core/Src/stm32f4xx_it.o
 .debug_macro   0x000000000001feab      0x1de Core/Src/system_stm32f4xx.o
 .debug_macro   0x0000000000020089      0x238 Drivers/STM32F4xx_HAL_Driver/Src/stm32f4xx_hal.o
 .debug_macro   0x00000000000202c1      0x1d8 Drivers/STM32F4xx_HAL_Driver/Src/stm32f4xx_hal_cortex.o
 .debug_macro   0x0000000000020499      0x20e Drivers/STM32F4xx_HAL_Driver/Src/stm32f4xx_hal_gpio.o
 .debug_macro   0x00000000000206a7      0x1fc Drivers/STM32F4xx_HAL_Driver/Src/stm32f4xx_hal_rcc.o
 .debug_macro   0x00000000000208a3      0x1e7 Drivers/STM32F4xx_HAL_Driver/Src/stm32f4xx_hal_spi.o
 .debug_macro   0x0000000000020a8a      0x1d9 Drivers/STM32F4xx_HAL_Driver/Src/stm32f4xx_hal_tim.o
 .debug_macro   0x0000000000020c63      0x1d8 Drivers/STM32F4xx_HAL_Driver/Src/stm32f4xx_hal_tim_ex.o
 .debug_macro   0x0000000000020e3b      0x1d9 Drivers/STM32F4xx_HAL_Driver/Src/stm32f4xx_hal_uart.o
 .debug_macro   0x0000000000021014      0x1a1 FreeRTOS/MemMang/heap_4.o
 .debug_macro   0x00000000000211b5      0x10e FreeRTOS/MemMang/heap_4.o
 .debug_macro   0x00000000000212c3       0x8d FreeRTOS/MemMang/heap_4.o
 .debug_macro   0x0000000000021350      0x106 FreeRTOS/MemMang/heap_4.o
 .debug_macro   0x0000000000021456      0x186 FreeRTOS/list.o
 .debug_macro   0x00000000000215dc      0x20f FreeRTOS/queue.o
 .debug_macro   0x00000000000217eb       0x16 FreeRTOS/queue.o
 .debug_macro   0x0000000000021801       0x20 FreeRTOS/queue.o
 .debug_macro   0x0000000000021821      0x26c FreeRTOS/tasks.o
 .debug_macro   0x0000000000021a8d       0x10 FreeRTOS/tasks.o
 .debug_macro   0x0000000000021a9d      0x1cf FreeRTOS/timers.o
 .debug_macro   0x0000000000021c6c       0x97 FreeRTOS/timers.o
 .debug_macro   0x0000000000021d03      0x196 FreeRTOS/portable/ARM_CM4F/port.o

.debug_line     0x0000000000000000     0xd0e0
 .debug_line    0x0000000000000000      0x9b5 Core/Src/main.o
 .debug_line    0x00000000000009b5      0x712 Core/Src/stm32f4xx_hal_msp.o
 .debug_line    0x00000000000010c7      0x6e8 Core/Src/stm32f4xx_hal_timebase_tim.o
 .debug_line    0x00000000000017af      0x77f Core/Src/stm32f4xx_it.o
 .debug_line    0x0000000000001f2e      0x6cf Core/Src/system_stm32f4xx.o
 .debug_line    0x00000000000025fd       0x85 Core/Startup/startup_stm32f407vgtx.o
 .debug_line    0x0000000000002682      0x8b9 Drivers/STM32F4xx_HAL_Driver/Src/stm32f4xx_hal.o
 .debug_line    0x0000000000002f3b      0x9dd Drivers/STM32F4xx_HAL_Driver/Src/stm32f4xx_hal_cortex.o
 .debug_line    0x0000000000003918      0x887 Drivers/STM32F4xx_HAL_Driver/Src/stm32f4xx_hal_gpio.o
 .debug_line    0x000000000000419f      0x911 Drivers/STM32F4xx_HAL_Driver/Src/stm32f4xx_hal_rcc.o
 .debug_line    0x0000000000004ab0     0x1075 Drivers/STM32F4xx_HAL_Driver/Src/stm32f4xx_hal_spi.o
 .debug_line    0x0000000000005b25     0x1932 Drivers/STM32F4xx_HAL_Driver/Src/stm32f4xx_hal_tim.o
 .debug_line    0x0000000000007457      0xccf Drivers/STM32F4xx_HAL_Driver/Src/stm32f4xx_hal_tim_ex.o
 .debug_line    0x0000000000008126      0xfc7 Drivers/STM32F4xx_HAL_Driver/Src/stm32f4xx_hal_uart.o
 .debug_line    0x00000000000090ed      0x705 FreeRTOS/MemMang/heap_4.o
 .debug_line    0x00000000000097f2      0x629 FreeRTOS/list.o
 .debug_line    0x0000000000009e1b      0xff5 FreeRTOS/queue.o
 .debug_line    0x000000000000ae10     0x1265 FreeRTOS/tasks.o
 .debug_line    0x000000000000c075      0x9c6 FreeRTOS/timers.o
 .debug_line    0x000000000000ca3b      0x6a5 FreeRTOS/portable/ARM_CM4F/port.o

.debug_str      0x0000000000000000    0xd2393
 .debug_str     0x0000000000000000    0xc928c Core/Src/main.o
                                      0xc9657 (size before relaxing)
 .debug_str     0x00000000000c928c       0x7d Core/Src/stm32f4xx_hal_msp.o
                                      0xc3f29 (size before relaxing)
 .debug_str     0x00000000000c9309       0xaa Core/Src/stm32f4xx_hal_timebase_tim.o
                                      0xc42d3 (size before relaxing)
 .debug_str     0x00000000000c93b3       0xb7 Core/Src/stm32f4xx_it.o
                                      0xc3cc2 (size before relaxing)
 .debug_str     0x00000000000c946a       0xc4 Core/Src/system_stm32f4xx.o
                                      0xc395d (size before relaxing)
 .debug_str     0x00000000000c952e       0x36 Core/Startup/startup_stm32f407vgtx.o
                                         0x6a (size before relaxing)
 .debug_str     0x00000000000c9564      0x542 Drivers/STM32F4xx_HAL_Driver/Src/stm32f4xx_hal.o
                                      0xc442a (size before relaxing)
 .debug_str     0x00000000000c9aa6      0x392 Drivers/STM32F4xx_HAL_Driver/Src/stm32f4xx_hal_cortex.o
                                      0xc4219 (size before relaxing)
 .debug_str     0x00000000000c9e38      0x1ec Drivers/STM32F4xx_HAL_Driver/Src/stm32f4xx_hal_gpio.o
                                      0xc3b85 (size before relaxing)
 .debug_str     0x00000000000ca024      0x24f Drivers/STM32F4xx_HAL_Driver/Src/stm32f4xx_hal_rcc.o
                                      0xc3d4a (size before relaxing)
 .debug_str     0x00000000000ca273      0x560 Drivers/STM32F4xx_HAL_Driver/Src/stm32f4xx_hal_spi.o
                                      0xc41cb (size before relaxing)
 .debug_str     0x00000000000ca7d3      0xd69 Drivers/STM32F4xx_HAL_Driver/Src/stm32f4xx_hal_tim.o
                                      0xc4a69 (size before relaxing)
 .debug_str     0x00000000000cb53c      0x4ec Drivers/STM32F4xx_HAL_Driver/Src/stm32f4xx_hal_tim_ex.o
                                      0xc4269 (size before relaxing)
 .debug_str     0x00000000000cba28      0x507 Drivers/STM32F4xx_HAL_Driver/Src/stm32f4xx_hal_uart.o
                                      0xc41a9 (size before relaxing)
 .debug_str     0x00000000000cbf2f     0x3250 FreeRTOS/MemMang/heap_4.o
                                       0xafcc (size before relaxing)
 .debug_str     0x00000000000cf17f      0x112 FreeRTOS/list.o
                                       0xa82b (size before relaxing)
 .debug_str     0x00000000000cf291      0x919 FreeRTOS/queue.o
                                       0xbf1f (size before relaxing)
 .debug_str     0x00000000000cfbaa     0x1b00 FreeRTOS/tasks.o
                                       0xcb7f (size before relaxing)
 .debug_str     0x00000000000d16aa      0x509 FreeRTOS/timers.o
                                       0xc303 (size before relaxing)
 .debug_str     0x00000000000d1bb3      0x7e0 FreeRTOS/portable/ARM_CM4F/port.o
                                       0x85a7 (size before relaxing)

.comment        0x0000000000000000       0x7b
 .comment       0x0000000000000000       0x7b Core/Src/main.o
                                         0x7c (size before relaxing)
 .comment       0x000000000000007b       0x7c Core/Src/stm32f4xx_hal_msp.o
 .comment       0x000000000000007b       0x7c Core/Src/stm32f4xx_hal_timebase_tim.o
 .comment       0x000000000000007b       0x7c Core/Src/stm32f4xx_it.o
 .comment       0x000000000000007b       0x7c Core/Src/system_stm32f4xx.o
 .comment       0x000000000000007b       0x7c Drivers/STM32F4xx_HAL_Driver/Src/stm32f4xx_hal.o
 .comment       0x000000000000007b       0x7c Drivers/STM32F4xx_HAL_Driver/Src/stm32f4xx_hal_cortex.o
 .comment       0x000000000000007b       0x7c Drivers/STM32F4xx_HAL_Driver/Src/stm32f4xx_hal_gpio.o
 .comment       0x000000000000007b       0x7c Drivers/STM32F4xx_HAL_Driver/Src/stm32f4xx_hal_rcc.o
 .comment       0x000000000000007b       0x7c Drivers/STM32F4xx_HAL_Driver/Src/stm32f4xx_hal_spi.o
 .comment       0x000000000000007b       0x7c Drivers/STM32F4xx_HAL_Driver/Src/stm32f4xx_hal_tim.o
 .comment       0x000000000000007b       0x7c Drivers/STM32F4xx_HAL_Driver/Src/stm32f4xx_hal_tim_ex.o
 .comment       0x000000000000007b       0x7c Drivers/STM32F4xx_HAL_Driver/Src/stm32f4xx_hal_uart.o
 .comment       0x000000000000007b       0x7c FreeRTOS/MemMang/heap_4.o
 .comment       0x000000000000007b       0x7c FreeRTOS/list.o
 .comment       0x000000000000007b       0x7c FreeRTOS/queue.o
 .comment       0x000000000000007b       0x7c FreeRTOS/tasks.o
 .comment       0x000000000000007b       0x7c FreeRTOS/timers.o
 .comment       0x000000000000007b       0x7c FreeRTOS/portable/ARM_CM4F/port.o

.debug_frame    0x0000000000000000     0x4bf0
 .debug_frame   0x0000000000000000      0x174 Core/Src/main.o
 .debug_frame   0x0000000000000174       0xc8 Core/Src/stm32f4xx_hal_msp.o
 .debug_frame   0x000000000000023c       0x74 Core/Src/stm32f4xx_hal_timebase_tim.o
 .debug_frame   0x00000000000002b0      0x140 Core/Src/stm32f4xx_it.o
 .debug_frame   0x00000000000003f0       0x58 Core/Src/system_stm32f4xx.o
 .debug_frame   0x0000000000000448      0x374 Drivers/STM32F4xx_HAL_Driver/Src/stm32f4xx_hal.o
 .debug_frame   0x00000000000007bc      0x498 Drivers/STM32F4xx_HAL_Driver/Src/stm32f4xx_hal_cortex.o
 .debug_frame   0x0000000000000c54      0x124 Drivers/STM32F4xx_HAL_Driver/Src/stm32f4xx_hal_gpio.o
 .debug_frame   0x0000000000000d78      0x1f0 Drivers/STM32F4xx_HAL_Driver/Src/stm32f4xx_hal_rcc.o
 .debug_frame   0x0000000000000f68      0x824 Drivers/STM32F4xx_HAL_Driver/Src/stm32f4xx_hal_spi.o
 .debug_frame   0x000000000000178c     0x10f0 Drivers/STM32F4xx_HAL_Driver/Src/stm32f4xx_hal_tim.o
 .debug_frame   0x000000000000287c      0x5c0 Drivers/STM32F4xx_HAL_Driver/Src/stm32f4xx_hal_tim_ex.o
 .debug_frame   0x0000000000002e3c      0x844 Drivers/STM32F4xx_HAL_Driver/Src/stm32f4xx_hal_uart.o
 .debug_frame   0x0000000000003680      0x108 FreeRTOS/MemMang/heap_4.o
 .debug_frame   0x0000000000003788       0xd8 FreeRTOS/list.o
 .debug_frame   0x0000000000003860      0x534 FreeRTOS/queue.o
 .debug_frame   0x0000000000003d94      0x854 FreeRTOS/tasks.o
 .debug_frame   0x00000000000045e8      0x38c FreeRTOS/timers.o
 .debug_frame   0x0000000000004974      0x1a8 FreeRTOS/portable/ARM_CM4F/port.o
 .debug_frame   0x0000000000004b1c       0x2c /opt/st/stm32cubeide_1.5.1/plugins/com.st.stm32cube.ide.mcu.externaltools.gnu-tools-for-stm32.7-2018-q2-update.linux64_1.5.0.202011040924/tools/bin/../lib/gcc/arm-none-eabi/7.3.1/../../../../arm-none-eabi/lib/thumb/v7e-m/fpv4-sp/hard/libc_nano.a(lib_a-init.o)
 .debug_frame   0x0000000000004b48       0x28 /opt/st/stm32cubeide_1.5.1/plugins/com.st.stm32cube.ide.mcu.externaltools.gnu-tools-for-stm32.7-2018-q2-update.linux64_1.5.0.202011040924/tools/bin/../lib/gcc/arm-none-eabi/7.3.1/../../../../arm-none-eabi/lib/thumb/v7e-m/fpv4-sp/hard/libc_nano.a(lib_a-memcpy-stub.o)
 .debug_frame   0x0000000000004b70       0x20 /opt/st/stm32cubeide_1.5.1/plugins/com.st.stm32cube.ide.mcu.externaltools.gnu-tools-for-stm32.7-2018-q2-update.linux64_1.5.0.202011040924/tools/bin/../lib/gcc/arm-none-eabi/7.3.1/../../../../arm-none-eabi/lib/thumb/v7e-m/fpv4-sp/hard/libc_nano.a(lib_a-memset.o)
 .debug_frame   0x0000000000004b90       0x2c /opt/st/stm32cubeide_1.5.1/plugins/com.st.stm32cube.ide.mcu.externaltools.gnu-tools-for-stm32.7-2018-q2-update.linux64_1.5.0.202011040924/tools/bin/../lib/gcc/arm-none-eabi/7.3.1/thumb/v7e-m/fpv4-sp/hard/libgcc.a(_aeabi_uldivmod.o)
 .debug_frame   0x0000000000004bbc       0x34 /opt/st/stm32cubeide_1.5.1/plugins/com.st.stm32cube.ide.mcu.externaltools.gnu-tools-for-stm32.7-2018-q2-update.linux64_1.5.0.202011040924/tools/bin/../lib/gcc/arm-none-eabi/7.3.1/thumb/v7e-m/fpv4-sp/hard/libgcc.a(_udivmoddi4.o)
